components/ui/animated-group.tsx(119,25): error TS2345: Argument of type 'string | number | symbol' is not assignable to parameter of type 'string | ComponentType<unknown>'.
  Type 'number' is not assignable to type 'string | ComponentType<unknown>'.
components/ui/animated-group.tsx(119,37): error TS2503: Cannot find namespace 'JSX'.
components/ui/animated-group.tsx(123,25): error TS2345: Argument of type 'string | number | symbol' is not assignable to parameter of type 'string | ComponentType<unknown>'.
  Type 'number' is not assignable to type 'string | ComponentType<unknown>'.
components/ui/animated-group.tsx(123,42): error TS2503: Cannot find namespace 'JSX'.
components/ui/animated-group.tsx(132,7): error TS2769: No overload matches this call.
  Overload 1 of 2, '(props: Omit<MotionComponentProps<unknown>, "children"> & { children?: ReactNode | MotionValueNumber | MotionValueString; }, context?: any): string | ... 8 more ... | undefined', gave the following error.
    Type '{ children: Element[] | null | undefined; initial: string; animate: string; variants: Variants | { hidden: { [x: `--${string}`]: ValueKeyframesDefinition; ... 702 more ...; transitionEnd?: ResolvedValues$1 | undefined; } | { ...; }; visible: { ...; } | { ...; }; }; className: string | undefined; }' is not assignable to type 'IntrinsicAttributes & Omit<MotionComponentProps<unknown>, "children"> & { children?: ReactNode | MotionValueNumber | MotionValueString; }'.
      Property 'className' does not exist on type 'IntrinsicAttributes & Omit<MotionComponentProps<unknown>, "children"> & { children?: ReactNode | MotionValueNumber | MotionValueString; }'.
  Overload 2 of 2, '(props: Omit<MotionComponentProps<unknown>, "children"> & { children?: ReactNode | MotionValueNumber | MotionValueString; }): string | ... 8 more ... | undefined', gave the following error.
    Type '{ children: Element[] | null | undefined; initial: string; animate: string; variants: Variants | { hidden: { [x: `--${string}`]: ValueKeyframesDefinition; ... 702 more ...; transitionEnd?: ResolvedValues$1 | undefined; } | { ...; }; visible: { ...; } | { ...; }; }; className: string | undefined; }' is not assignable to type 'IntrinsicAttributes & Omit<MotionComponentProps<unknown>, "children"> & { children?: ReactNode | MotionValueNumber | MotionValueString; }'.
      Property 'className' does not exist on type 'IntrinsicAttributes & Omit<MotionComponentProps<unknown>, "children"> & { children?: ReactNode | MotionValueNumber | MotionValueString; }'.
